 CONF#         E (xTB)          ΔE (xTB)          E (DFT)          ΔE (DFT)        ΔGsolv (xTB)          Gtot             ΔGtot          Boltzmann weight   
                 [Eh]          [kcal/mol]          [Eh]           [kcal/mol]        [kcal/mol]           [Eh]           [kcal/mol]        % at 298.15 K     
 CONF1        -32.507141          0.04          -427.981343          2.67           -1.858727         -427.984305          2.56                0.07         
 CONF2        -32.507211          0.00          -427.983306          1.44           -1.584359         -427.985831          1.60                0.36         
 CONF3        -32.506657          0.35          -427.980551          3.16           -1.880846         -427.983548          3.03                0.03         
 CONF4        -32.506857          0.22          -427.985274          0.20           -1.688740         -427.987965          0.26                3.48         
 CONF5        -32.506503          0.44          -427.980743          3.04           -1.900120         -427.983771          2.89                0.04         
 CONF6        -32.506260          0.60          -427.980287          3.33           -1.900974         -427.983317          3.18                0.03         
 CONF7        -32.506491          0.45          -427.985595          0.00           -1.747591         -427.988380          0.00                5.40         
 CONF8        -32.506312          0.56          -427.980431          3.24           -1.839390         -427.983362          3.15                0.03         
 CONF9        -32.506324          0.56          -427.980797          3.01           -1.830182         -427.983714          2.93                0.04         
CONF10        -32.506268          0.59          -427.980576          3.15           -1.852118         -427.983527          3.04                0.03         
CONF11        -32.506256          0.60          -427.980654          3.10           -1.837330         -427.983582          3.01                0.03         
CONF12        -32.506166          0.66          -427.980136          3.43           -1.871863         -427.983119          3.30                0.02         
CONF13        -32.506544          0.42          -427.982540          1.92           -1.587908         -427.985070          2.08                0.16         
CONF14        -32.506616          0.37          -427.983250          1.47           -1.510701         -427.985657          1.71                0.30         
CONF15        -32.506482          0.46          -427.982460          1.97           -1.580113         -427.984978          2.13                0.15         
CONF16        -32.506251          0.60          -427.984597          0.63           -1.686525         -427.987285          0.69                1.69         
CONF17        -32.506434          0.49          -427.982515          1.93           -1.563475         -427.985006          2.12                0.15         
CONF18        -32.506405          0.51          -427.982483          1.95           -1.580659         -427.985002          2.12                0.15         
CONF19        -32.505820          0.87          -427.980328          3.30           -1.939445         -427.983419          3.11                0.03         
CONF20        -32.506376          0.52          -427.982464          1.96           -1.574908         -427.984974          2.14                0.15         
CONF21        -32.506368          0.53          -427.982478          1.96           -1.576437         -427.984990          2.13                0.15         
CONF22        -32.506360          0.53          -427.982701          1.82           -1.574326         -427.985210          1.99                0.19         
CONF23        -32.506336          0.55          -427.982412          2.00           -1.563741         -427.984904          2.18                0.14         
CONF24        -32.506335          0.55          -427.982485          1.95           -1.560423         -427.984972          2.14                0.15         
CONF25        -32.505821          0.87          -427.979783          3.65           -1.867044         -427.982759          3.53                0.01         
CONF26        -32.505773          0.90          -427.979243          3.99           -1.880169         -427.982239          3.85                0.01         
CONF27        -32.505779          0.90          -427.979366          3.91           -1.874886         -427.982354          3.78                0.01         
CONF28        -32.506107          0.69          -427.984533          0.67           -1.668023         -427.987191          0.75                1.53         
CONF29        -32.505757          0.91          -427.979141          4.05           -1.884113         -427.982144          3.91                0.01         
CONF30        -32.505763          0.91          -427.979431          3.87           -1.879517         -427.982426          3.74                0.01         
CONF31        -32.506018          0.75          -427.984493          0.69           -1.674779         -427.987162          0.76                1.49         
CONF32        -32.505990          0.77          -427.984602          0.62           -1.688663         -427.987293          0.68                1.71         
CONF33        -32.505961          0.78          -427.984502          0.69           -1.678356         -427.987177          0.75                1.51         
CONF34        -32.505632          0.99          -427.980528          3.18           -1.865510         -427.983501          3.06                0.03         
CONF35        -32.505592          1.02          -427.980404          3.26           -1.880499         -427.983401          3.12                0.03         
CONF36        -32.505808          0.88          -427.984090          0.94           -1.712923         -427.986820          0.98                1.04         
CONF37        -32.505769          0.91          -427.984951          0.40           -1.727884         -427.987705          0.42                2.64         
CONF38        -32.505767          0.91          -427.984972          0.39           -1.724622         -427.987721          0.41                2.69         
CONF39        -32.505790          0.89          -427.982954          1.66           -1.704673         -427.985671          1.70                0.31         
CONF40        -32.505568          1.03          -427.979632          3.74           -1.829586         -427.982548          3.66                0.01         
CONF41        -32.505553          1.04          -427.979446          3.86           -1.836375         -427.982373          3.77                0.01         
CONF42        -32.505765          0.91          -427.982171          2.15           -1.700636         -427.984881          2.20                0.13         
CONF43        -32.505493          1.08          -427.979851          3.60           -1.866370         -427.982825          3.49                0.02         
CONF44        -32.505561          1.04          -427.979764          3.66           -1.819145         -427.982663          3.59                0.01         
CONF45        -32.505996          0.76          -427.982447          1.98           -1.529697         -427.984885          2.19                0.13         
CONF46        -32.505914          0.81          -427.981914          2.31           -1.569877         -427.984416          2.49                0.08         
CONF47        -32.505642          0.98          -427.984216          0.86           -1.736079         -427.986983          0.88                1.23         
CONF48        -32.505648          0.98          -427.984097          0.94           -1.729011         -427.986852          0.96                1.07         
CONF49        -32.505649          0.98          -427.984073          0.95           -1.730980         -427.986832          0.97                1.05         
CONF50        -32.505633          0.99          -427.984399          0.75           -1.730629         -427.987157          0.77                1.48         
CONF51        -32.505612          1.00          -427.984417          0.74           -1.733183         -427.987179          0.75                1.52         
CONF52        -32.505605          1.01          -427.984358          0.78           -1.732837         -427.987120          0.79                1.42         
CONF53        -32.505599          1.01          -427.981140          2.80           -1.733802         -427.983903          2.81                0.05         
CONF54        -32.505592          1.02          -427.984423          0.74           -1.735788         -427.987189          0.75                1.53         
CONF55        -32.505401          1.14          -427.979420          3.87           -1.853925         -427.982375          3.77                0.01         
CONF56        -32.505606          1.01          -427.984144          0.91           -1.722935         -427.986890          0.93                1.12         
CONF57        -32.505929          0.80          -427.982274          2.08           -1.504215         -427.984672          2.33                0.11         
CONF58        -32.505405          1.13          -427.980156          3.41           -1.820688         -427.983057          3.34                0.02         
CONF59        -32.505339          1.18          -427.979746          3.67           -1.857322         -427.982706          3.56                0.01         
CONF60        -32.505323          1.18          -427.979269          3.97           -1.861727         -427.982236          3.85                0.01         
CONF61        -32.505786          0.89          -427.982265          2.09           -1.559492         -427.984750          2.28                0.12         
CONF62        -32.505786          0.89          -427.982265          2.09           -1.558535         -427.984749          2.28                0.12         
CONF63        -32.505660          0.97          -427.982286          2.08           -1.631718         -427.984887          2.19                0.13         
CONF64        -32.505659          0.97          -427.982304          2.06           -1.631924         -427.984904          2.18                0.14         
CONF65        -32.505651          0.98          -427.982077          2.21           -1.633182         -427.984679          2.32                0.11         
CONF66        -32.505648          0.98          -427.982336          2.05           -1.632212         -427.984937          2.16                0.14         
CONF67        -32.505822          0.87          -427.982267          2.09           -1.519363         -427.984688          2.32                0.11         
CONF68        -32.505510          1.07          -427.983444          1.35           -1.689894         -427.986137          1.41                0.50         
CONF69        -32.505697          0.95          -427.981753          2.41           -1.568132         -427.984252          2.59                0.07         
CONF70        -32.505307          1.20          -427.979575          3.78           -1.806024         -427.982454          3.72                0.01         
CONF71        -32.505678          0.96          -427.981734          2.42           -1.569642         -427.984236          2.60                0.07         
CONF72        -32.505778          0.90          -427.982276          2.08           -1.506718         -427.984677          2.32                0.11         
CONF73        -32.505720          0.94          -427.982234          2.11           -1.542917         -427.984693          2.31                0.11         
CONF74        -32.505780          0.90          -427.982210          2.12           -1.504511         -427.984607          2.37                0.10         
CONF75        -32.505719          0.94          -427.982243          2.10           -1.543239         -427.984702          2.31                0.11         
CONF76        -32.505664          0.97          -427.981374          2.65           -1.574251         -427.983882          2.82                0.05         
CONF77        -32.505679          0.96          -427.981758          2.41           -1.564651         -427.984251          2.59                0.07         
CONF78        -32.505664          0.97          -427.981371          2.65           -1.573808         -427.983879          2.82                0.05         
CONF79        -32.505776          0.90          -427.982106          2.19           -1.503001         -427.984501          2.43                0.09         
CONF80        -32.505778          0.90          -427.982121          2.18           -1.501385         -427.984514          2.43                0.09         
CONF81        -32.505770          0.90          -427.982307          2.06           -1.499693         -427.984697          2.31                0.11         
CONF82        -32.505650          0.98          -427.981964          2.28           -1.573546         -427.984472          2.45                0.09         
CONF83        -32.505767          0.91          -427.982176          2.14           -1.499439         -427.984566          2.39                0.10         
CONF84        -32.505643          0.98          -427.981757          2.41           -1.575239         -427.984268          2.58                0.07         
CONF85        -32.505498          1.08          -427.983881          1.08           -1.662999         -427.986531          1.16                0.76         
CONF86        -32.505659          0.97          -427.981605          2.50           -1.558003         -427.984088          2.69                0.06         
CONF87        -32.505664          0.97          -427.981610          2.50           -1.553097         -427.984085          2.69                0.06         
CONF88        -32.505660          0.97          -427.981602          2.51           -1.551096         -427.984074          2.70                0.06         
CONF89        -32.505646          0.98          -427.981745          2.42           -1.554450         -427.984222          2.61                0.07         
CONF90        -32.505661          0.97          -427.981890          2.32           -1.543517         -427.984349          2.53                0.08         
CONF91        -32.505737          0.93          -427.982464          1.96           -1.493892         -427.984845          2.22                0.13         
CONF92        -32.505732          0.93          -427.982451          1.97           -1.495054         -427.984834          2.23                0.13         
CONF93        -32.505140          1.30          -427.979165          4.03           -1.854224         -427.982120          3.93                0.01         
CONF94        -32.505603          1.01          -427.981955          2.28           -1.562762         -427.984445          2.47                0.08         
CONF95        -32.505617          1.00          -427.982154          2.16           -1.537759         -427.984604          2.37                0.10         
CONF96        -32.505613          1.00          -427.981748          2.41           -1.539067         -427.984201          2.62                0.06         
CONF97        -32.505387          1.14          -427.983382          1.39           -1.677423         -427.986055          1.46                0.46         
CONF98        -32.505386          1.15          -427.983388          1.38           -1.678061         -427.986062          1.45                0.46         
CONF99        -32.505571          1.03          -427.981614          2.50           -1.560294         -427.984101          2.69                0.06         
CONF100       -32.505541          1.05          -427.981668          2.46           -1.570690         -427.984171          2.64                0.06         
CONF101       -32.505058          1.35          -427.980221          3.37           -1.869555         -427.983200          3.25                0.02         
CONF102       -32.505362          1.16          -427.983529          1.30           -1.675247         -427.986199          1.37                0.54         
CONF103       -32.505037          1.36          -427.980122          3.43           -1.878387         -427.983115          3.30                0.02         
CONF104       -32.505365          1.16          -427.983353          1.41           -1.667949         -427.986011          1.49                0.44         
CONF105       -32.505366          1.16          -427.983365          1.40           -1.668165         -427.986023          1.48                0.45         
CONF106       -32.505520          1.06          -427.981435          2.61           -1.565382         -427.983929          2.79                0.05         
CONF107       -32.505522          1.06          -427.981405          2.63           -1.563729         -427.983897          2.81                0.05         
CONF108       -32.505554          1.04          -427.982032          2.24           -1.540356         -427.984486          2.44                0.09         
CONF109       -32.505490          1.08          -427.981579          2.52           -1.580127         -427.984097          2.69                0.06         
CONF110       -32.505247          1.23          -427.980885          2.96           -1.728231         -427.983639          2.97                0.04         
CONF111       -32.505257          1.23          -427.980850          2.98           -1.722962         -427.983596          3.00                0.03         
CONF112       -32.505365          1.16          -427.983580          1.26           -1.650201         -427.986209          1.36                0.54         
CONF113       -32.505483          1.08          -427.981600          2.51           -1.561759         -427.984089          2.69                0.06         
CONF114       -32.505474          1.09          -427.981807          2.38           -1.554581         -427.984285          2.57                0.07         
CONF115       -32.505253          1.23          -427.983381          1.39           -1.677789         -427.986055          1.46                0.46         
CONF116       -32.505251          1.23          -427.983342          1.41           -1.678367         -427.986017          1.48                0.44         
CONF117       -32.505455          1.10          -427.981857          2.35           -1.544664         -427.984319          2.55                0.07         
CONF118       -32.505395          1.14          -427.981411          2.63           -1.571285         -427.983915          2.80                0.05         
CONF119       -32.505412          1.13          -427.981569          2.53           -1.553518         -427.984045          2.72                0.05         
CONF120       -32.505210          1.26          -427.983429          1.36           -1.679777         -427.986106          1.43                0.49         
CONF121       -32.505276          1.21          -427.983943          1.04           -1.639105         -427.986555          1.14                0.78         
CONF122       -32.505408          1.13          -427.981403          2.63           -1.551890         -427.983876          2.83                0.05         
CONF123       -32.505267          1.22          -427.984021          0.99           -1.635275         -427.986627          1.10                0.84         
CONF124       -32.505122          1.31          -427.983861          1.09           -1.736519         -427.986629          1.10                0.85         
CONF127       -32.505210          1.26          -427.983727          1.17           -1.650110         -427.986357          1.27                0.63         
CONF128       -32.505358          1.16          -427.981811          2.37           -1.553614         -427.984287          2.57                0.07         
CONF129       -32.505096          1.33          -427.984267          0.83           -1.716592         -427.987003          0.86                1.26         
CONF130       -32.505132          1.30          -427.982026          2.24           -1.692557         -427.984723          2.29                0.11         
CONF131       -32.505131          1.31          -427.982000          2.26           -1.691985         -427.984696          2.31                0.11         
CONF132       -32.504969          1.41          -427.979896          3.58           -1.793417         -427.982754          3.53                0.01         
CONF133       -32.505108          1.32          -427.983238          1.48           -1.705480         -427.985955          1.52                0.41         
CONF134       -32.505206          1.26          -427.983450          1.35           -1.635441         -427.986057          1.46                0.46         
CONF135       -32.505150          1.29          -427.983928          1.05           -1.669459         -427.986588          1.12                0.81         
CONF136       -32.505142          1.30          -427.983976          1.02           -1.669813         -427.986637          1.09                0.85         
CONF137       -32.505144          1.30          -427.983972          1.02           -1.669035         -427.986631          1.10                0.85         
CONF138       -32.505046          1.36          -427.980959          2.91           -1.720599         -427.983701          2.94                0.04         
CONF139       -32.505065          1.35          -427.981773          2.40           -1.696536         -427.984476          2.45                0.09         
CONF140       -32.505110          1.32          -427.983795          1.13           -1.650597         -427.986425          1.23                0.68         
CONF141       -32.505088          1.33          -427.983469          1.33           -1.656414         -427.986108          1.43                0.49         
CONF142       -32.505098          1.33          -427.983867          1.08           -1.647907         -427.986493          1.18                0.73         
CONF143       -32.505275          1.22          -427.981959          2.28           -1.527612         -427.984393          2.50                0.08         
CONF144       -32.505273          1.22          -427.981896          2.32           -1.523977         -427.984325          2.54                0.07         
CONF145       -32.505266          1.22          -427.981402          2.63           -1.522136         -427.983828          2.86                0.04         
CONF146       -32.504979          1.40          -427.981713          2.44           -1.702003         -427.984425          2.48                0.08         
CONF147       -32.505270          1.22          -427.981425          2.62           -1.518587         -427.983845          2.85                0.04         
CONF148       -32.505248          1.23          -427.981482          2.58           -1.523072         -427.983909          2.81                0.05         
CONF150       -32.505164          1.28          -427.980996          2.89           -1.569933         -427.983498          3.06                0.03         
CONF151       -32.504988          1.39          -427.984121          0.92           -1.675749         -427.986791          1.00                1.00         
CONF152       -32.504988          1.40          -427.984121          0.92           -1.674969         -427.986790          1.00                1.00         
CONF153       -32.504986          1.40          -427.983468          1.33           -1.675891         -427.986139          1.41                0.50         
CONF154       -32.504914          1.44          -427.983453          1.34           -1.718084         -427.986191          1.37                0.53         
CONF155       -32.504971          1.41          -427.983547          1.29           -1.671851         -427.986211          1.36                0.54         
CONF156       -32.505240          1.24          -427.982046          2.23           -1.488440         -427.984418          2.49                0.08         
CONF157       -32.504901          1.45          -427.982138          2.17           -1.700504         -427.984847          2.22                0.13         
CONF158       -32.504914          1.44          -427.983480          1.33           -1.689316         -427.986172          1.39                0.52         
CONF159       -32.505205          1.26          -427.981678          2.46           -1.504292         -427.984076          2.70                0.06         
CONF160       -32.504905          1.45          -427.982008          2.25           -1.693599         -427.984707          2.30                0.11         
CONF161       -32.505215          1.25          -427.981691          2.45           -1.496899         -427.984076          2.70                0.06         
CONF162       -32.505196          1.26          -427.981662          2.47           -1.507596         -427.984065          2.71                0.06         
CONF164       -32.504898          1.45          -427.982001          2.25           -1.689047         -427.984693          2.31                0.11         
CONF165       -32.504910          1.44          -427.981320          2.68           -1.676366         -427.983992          2.75                0.05         
CONF166       -32.504666          1.60          -427.979481          3.84           -1.826489         -427.982392          3.76                0.01         
CONF167       -32.504876          1.47          -427.983525          1.30           -1.692927         -427.986223          1.35                0.55         
CONF168       -32.504633          1.62          -427.979217          4.00           -1.843719         -427.982155          3.91                0.01         
CONF169       -32.504841          1.49          -427.983497          1.32           -1.708343         -427.986220          1.36                0.55         
CONF170       -32.505136          1.30          -427.981356          2.66           -1.519416         -427.983777          2.89                0.04         
CONF171       -32.505090          1.33          -427.981880          2.33           -1.545513         -427.984343          2.53                0.08         
CONF172       -32.505081          1.34          -427.981711          2.44           -1.545322         -427.984173          2.64                0.06         
CONF173       -32.504807          1.51          -427.983766          1.15           -1.712896         -427.986496          1.18                0.73         
CONF174       -32.504787          1.52          -427.983045          1.60           -1.722290         -427.985790          1.63                0.35         
CONF175       -32.505120          1.31          -427.981644          2.48           -1.512753         -427.984055          2.71                0.06         
CONF176       -32.504782          1.52          -427.983119          1.55           -1.722085         -427.985863          1.58                0.38         
CONF177       -32.505103          1.32          -427.981475          2.59           -1.516877         -427.983892          2.82                0.05         
CONF178       -32.505105          1.32          -427.981102          2.82           -1.512493         -427.983513          3.05                0.03         
CONF179       -32.505085          1.33          -427.981340          2.67           -1.512372         -427.983750          2.91                0.04         
CONF180       -32.504744          1.55          -427.983223          1.49           -1.723911         -427.985970          1.51                0.42         
CONF181       -32.505085          1.33          -427.981301          2.69           -1.509066         -427.983706          2.93                0.04         
CONF182       -32.504788          1.52          -427.984029          0.98           -1.692092         -427.986726          1.04                0.94         
CONF183       -32.504788          1.52          -427.984034          0.98           -1.690610         -427.986728          1.04                0.94         
CONF184       -32.505083          1.34          -427.981294          2.70           -1.509060         -427.983699          2.94                0.04         
CONF185       -32.504754          1.54          -427.983648          1.22           -1.710062         -427.986373          1.26                0.65         
CONF186       -32.504769          1.53          -427.983970          1.02           -1.693845         -427.986669          1.07                0.88         
CONF187       -32.504719          1.56          -427.983316          1.43           -1.722129         -427.986060          1.46                0.46         
CONF188       -32.504725          1.56          -427.983819          1.11           -1.718417         -427.986557          1.14                0.78         
CONF189       -32.504719          1.56          -427.983312          1.43           -1.721639         -427.986055          1.46                0.46         
CONF190       -32.504724          1.56          -427.983798          1.13           -1.718781         -427.986537          1.16                0.77         
CONF191       -32.505083          1.34          -427.981660          2.47           -1.490293         -427.984035          2.73                0.05         
CONF192       -32.504837          1.49          -427.983163          1.53           -1.642287         -427.985780          1.63                0.34         
CONF193       -32.505003          1.39          -427.981455          2.60           -1.531979         -427.983896          2.81                0.05         
CONF194       -32.505012          1.38          -427.981880          2.33           -1.521491         -427.984304          2.56                0.07         
CONF195       -32.505054          1.35          -427.981505          2.57           -1.489877         -427.983880          2.82                0.05         
CONF196       -32.505042          1.36          -427.981442          2.61           -1.497204         -427.983828          2.86                0.04         
CONF197       -32.505081          1.34          -427.981301          2.69           -1.510883         -427.983709          2.93                0.04         
CONF198       -32.505033          1.37          -427.981441          2.61           -1.500381         -427.983832          2.85                0.04         
CONF199       -32.505046          1.36          -427.981620          2.49           -1.489721         -427.983994          2.75                0.05         
CONF201       -32.505041          1.36          -427.981621          2.49           -1.489502         -427.983994          2.75                0.05         
CONF202       -32.504802          1.51          -427.983433          1.36           -1.635473         -427.986039          1.47                0.45         
CONF203       -32.504683          1.59          -427.983218          1.49           -1.709035         -427.985942          1.53                0.41         
CONF204       -32.505030          1.37          -427.981667          2.46           -1.487708         -427.984038          2.72                0.05         
CONF205       -32.504494          1.71          -427.979294          3.95           -1.829665         -427.982209          3.87                0.01         
CONF206       -32.504739          1.55          -427.982607          1.87           -1.669852         -427.985268          1.95                0.20         
CONF208       -32.504981          1.40          -427.981627          2.49           -1.508239         -427.984030          2.73                0.05         
CONF209       -32.504638          1.61          -427.982930          1.67           -1.722603         -427.985675          1.70                0.31         
CONF210       -32.504908          1.45          -427.981358          2.66           -1.551960         -427.983832          2.85                0.04         
CONF211       -32.505002          1.39          -427.981437          2.61           -1.491244         -427.983813          2.87                0.04         
CONF212       -32.505007          1.38          -427.981219          2.75           -1.487714         -427.983590          3.01                0.03         
CONF213       -32.504906          1.45          -427.981418          2.62           -1.551020         -427.983890          2.82                0.05         
CONF214       -32.505010          1.38          -427.981205          2.75           -1.485778         -427.983572          3.02                0.03         
CONF215       -32.504899          1.45          -427.980980          2.90           -1.554822         -427.983458          3.09                0.03         
CONF216       -32.504825          1.50          -427.981664          2.47           -1.598375         -427.984211          2.62                0.07         
CONF217       -32.504822          1.50          -427.981717          2.43           -1.598177         -427.984264          2.58                0.07         
CONF218       -32.504675          1.59          -427.980753          3.04           -1.691426         -427.983449          3.09                0.03         
CONF219       -32.504894          1.45          -427.981143          2.79           -1.551618         -427.983615          2.99                0.03         
CONF220       -32.504883          1.46          -427.980952          2.91           -1.550573         -427.983423          3.11                0.03         
CONF221       -32.504707          1.57          -427.983047          1.60           -1.659279         -427.985691          1.69                0.31         
CONF222       -32.504705          1.57          -427.983075          1.58           -1.657727         -427.985717          1.67                0.32         
CONF223       -32.504873          1.47          -427.981598          2.51           -1.551716         -427.984071          2.70                0.06         
CONF224       -32.504868          1.47          -427.981633          2.49           -1.553383         -427.984108          2.68                0.06         
CONF225       -32.504970          1.41          -427.981781          2.39           -1.484868         -427.984147          2.66                0.06         
CONF226       -32.504955          1.42          -427.981922          2.30           -1.493220         -427.984302          2.56                0.07         
CONF227       -32.504598          1.64          -427.983763          1.15           -1.716745         -427.986498          1.18                0.74         
CONF228       -32.504959          1.41          -427.981792          2.39           -1.486430         -427.984161          2.65                0.06         
CONF229       -32.504922          1.44          -427.981355          2.66           -1.505139         -427.983754          2.90                0.04         
CONF230       -32.504930          1.43          -427.981147          2.79           -1.499378         -427.983536          3.04                0.03         
CONF231       -32.504931          1.43          -427.981282          2.71           -1.499542         -427.983671          2.95                0.04         
CONF232       -32.504950          1.42          -427.981915          2.31           -1.482593         -427.984278          2.57                0.07         
CONF233       -32.504939          1.43          -427.981900          2.32           -1.487097         -427.984270          2.58                0.07         
CONF234       -32.504866          1.47          -427.981764          2.40           -1.534216         -427.984209          2.62                0.07         
CONF235       -32.504630          1.62          -427.981170          2.78           -1.680391         -427.983848          2.84                0.04         
CONF236       -32.504934          1.43          -427.981809          2.38           -1.486879         -427.984179          2.64                0.06         
CONF237       -32.504876          1.47          -427.981725          2.43           -1.522341         -427.984151          2.65                0.06         
CONF238       -32.504624          1.62          -427.981050          2.85           -1.677880         -427.983723          2.92                0.04         
CONF239       -32.504607          1.63          -427.981273          2.71           -1.687220         -427.983962          2.77                0.05         
CONF240       -32.504874          1.47          -427.981523          2.55           -1.519484         -427.983944          2.78                0.05         
CONF241       -32.504818          1.50          -427.981581          2.52           -1.548877         -427.984049          2.72                0.06         
CONF242       -32.504811          1.51          -427.981093          2.82           -1.552796         -427.983568          3.02                0.03         
CONF243       -32.504807          1.51          -427.981114          2.81           -1.552591         -427.983589          3.01                0.03         
CONF244       -32.504802          1.51          -427.981252          2.72           -1.549827         -427.983722          2.92                0.04         
CONF245       -32.504892          1.46          -427.981524          2.55           -1.487040         -427.983894          2.81                0.05         
CONF246       -32.504773          1.53          -427.981259          2.72           -1.550199         -427.983730          2.92                0.04         
CONF247       -32.504768          1.53          -427.981186          2.77           -1.551509         -427.983658          2.96                0.04         
CONF248       -32.504605          1.64          -427.981426          2.62           -1.647332         -427.984051          2.72                0.06         
CONF249       -32.504858          1.48          -427.981322          2.68           -1.487401         -427.983692          2.94                0.04         
CONF250       -32.504609          1.63          -427.983092          1.57           -1.641138         -427.985708          1.68                0.32         
CONF251       -32.504817          1.50          -427.981059          2.85           -1.508255         -427.983463          3.09                0.03         
CONF252       -32.504815          1.50          -427.981355          2.66           -1.508353         -427.983759          2.90                0.04         
CONF253       -32.504868          1.47          -427.982041          2.23           -1.474359         -427.984390          2.50                0.08         
CONF254       -32.504740          1.55          -427.980590          3.14           -1.545231         -427.983052          3.34                0.02         
CONF255       -32.504770          1.53          -427.981497          2.57           -1.514702         -427.983911          2.80                0.05         
CONF256       -32.504718          1.56          -427.981128          2.80           -1.534719         -427.983573          3.02                0.03         
CONF257       -32.504781          1.53          -427.981067          2.84           -1.494559         -427.983449          3.09                0.03         
CONF258       -32.504691          1.58          -427.980923          2.93           -1.545567         -427.983386          3.13                0.03         
CONF259       -32.504500          1.70          -427.982837          1.73           -1.657426         -427.985478          1.82                0.25         
CONF260       -32.504720          1.56          -427.981323          2.68           -1.525660         -427.983754          2.90                0.04         
CONF261       -32.504500          1.70          -427.982764          1.78           -1.657419         -427.985406          1.87                0.23         
CONF262       -32.504497          1.70          -427.982854          1.72           -1.659228         -427.985498          1.81                0.26         
CONF263       -32.504503          1.70          -427.983143          1.54           -1.651609         -427.985775          1.63                0.34         
CONF264       -32.504574          1.65          -427.983126          1.55           -1.602405         -427.985680          1.69                0.31         
CONF265       -32.504581          1.65          -427.983098          1.57           -1.595456         -427.985641          1.72                0.30         
CONF266       -32.504564          1.66          -427.983160          1.53           -1.604421         -427.985717          1.67                0.32         
CONF267       -32.504573          1.66          -427.983150          1.53           -1.602666         -427.985704          1.68                0.32         
CONF268       -32.504749          1.54          -427.981047          2.85           -1.491448         -427.983424          3.11                0.03         
CONF269       -32.504456          1.73          -427.982501          1.94           -1.667921         -427.985159          2.02                0.18         
CONF270       -32.504477          1.72          -427.983103          1.56           -1.650168         -427.985732          1.66                0.33         
CONF271       -32.504435          1.74          -427.983139          1.54           -1.662607         -427.985789          1.63                0.35         
CONF272       -32.504420          1.75          -427.983083          1.58           -1.662452         -427.985733          1.66                0.33         
CONF273       -32.504424          1.75          -427.982951          1.66           -1.658762         -427.985595          1.75                0.28         
CONF274       -32.504487          1.71          -427.983264          1.46           -1.618126         -427.985842          1.59                0.37         
CONF275       -32.504424          1.75          -427.982960          1.65           -1.657874         -427.985602          1.74                0.28         
CONF276       -32.504579          1.65          -427.980965          2.91           -1.553761         -427.983441          3.10                0.03         
CONF277       -32.504570          1.66          -427.981036          2.86           -1.539093         -427.983489          3.07                0.03         
CONF278       -32.504611          1.63          -427.981226          2.74           -1.505680         -427.983626          2.98                0.04         
CONF279       -32.504512          1.69          -427.980578          3.15           -1.557898         -427.983060          3.34                0.02         
CONF281       -32.504506          1.70          -427.980765          3.03           -1.552296         -427.983239          3.23                0.02         
CONF282       -32.504497          1.70          -427.980761          3.03           -1.544339         -427.983222          3.24                0.02         
CONF283       -32.504337          1.80          -427.983396          1.38           -1.644709         -427.986017          1.48                0.44         
CONF284       -32.504533          1.68          -427.981508          2.56           -1.515472         -427.983923          2.80                0.05         
CONF285       -32.504336          1.80          -427.983396          1.38           -1.645234         -427.986018          1.48                0.44         
CONF286       -32.504288          1.83          -427.981549          2.54           -1.664744         -427.984202          2.62                0.06         
CONF287       -32.504315          1.82          -427.982926          1.67           -1.643858         -427.985546          1.78                0.27         
CONF288       -32.504283          1.84          -427.981619          2.49           -1.661562         -427.984267          2.58                0.07         
CONF289       -32.504323          1.81          -427.982867          1.71           -1.635270         -427.985473          1.82                0.25         
CONF290       -32.504594          1.64          -427.981407          2.63           -1.457973         -427.983730          2.92                0.04         
CONF291       -32.504588          1.65          -427.981176          2.77           -1.461381         -427.983505          3.06                0.03         
CONF292       -32.504496          1.70          -427.981381          2.64           -1.519129         -427.983802          2.87                0.04         
CONF293       -32.504247          1.86          -427.982926          1.67           -1.673176         -427.985593          1.75                0.28         
CONF294       -32.504498          1.70          -427.980623          3.12           -1.506391         -427.983024          3.36                0.02         
CONF295       -32.504225          1.87          -427.982162          2.15           -1.668027         -427.984820          2.23                0.12         
CONF296       -32.504492          1.71          -427.980954          2.91           -1.494676         -427.983336          3.16                0.03         
CONF297       -32.504199          1.89          -427.982132          2.17           -1.668590         -427.984791          2.25                0.12         
CONF298       -32.504155          1.92          -427.982776          1.77           -1.694141         -427.985476          1.82                0.25         
CONF299       -32.504182          1.90          -427.981564          2.53           -1.674588         -427.984233          2.60                0.07         
CONF300       -32.504187          1.90          -427.982348          2.04           -1.670388         -427.985010          2.11                0.15         
CONF301       -32.504149          1.92          -427.982798          1.75           -1.689609         -427.985491          1.81                0.25         
CONF302       -32.504257          1.85          -427.982927          1.67           -1.623672         -427.985514          1.80                0.26         
CONF303       -32.504495          1.70          -427.981541          2.54           -1.468654         -427.983882          2.82                0.05         
CONF304       -32.504375          1.78          -427.980925          2.93           -1.536604         -427.983374          3.14                0.03         
CONF306       -32.504181          1.90          -427.981544          2.54           -1.649786         -427.984174          2.64                0.06         
CONF307       -32.504091          1.96          -427.982923          1.68           -1.705084         -427.985640          1.72                0.30         
CONF308       -32.504436          1.74          -427.980692          3.08           -1.488153         -427.983063          3.34                0.02         
CONF309       -32.504089          1.96          -427.982973          1.65           -1.705575         -427.985691          1.69                0.31         
CONF310       -32.504110          1.95          -427.982956          1.66           -1.688885         -427.985647          1.71                0.30         
CONF311       -32.504163          1.91          -427.983654          1.22           -1.653549         -427.986289          1.31                0.59         
CONF312       -32.504378          1.78          -427.981008          2.88           -1.513251         -427.983420          3.11                0.03         
CONF313       -32.504174          1.91          -427.983068          1.59           -1.636767         -427.985677          1.70                0.31         
CONF314       -32.504106          1.95          -427.983600          1.25           -1.676262         -427.986272          1.32                0.58         
CONF315       -32.504076          1.97          -427.982910          1.68           -1.694265         -427.985610          1.74                0.29         
CONF316       -32.504079          1.97          -427.982953          1.66           -1.691218         -427.985648          1.71                0.30         
CONF317       -32.504348          1.80          -427.981179          2.77           -1.513557         -427.983591          3.01                0.03         
CONF318       -32.504343          1.80          -427.981175          2.77           -1.514367         -427.983589          3.01                0.03         
CONF319       -32.504416          1.75          -427.981195          2.76           -1.462254         -427.983525          3.05                0.03         
CONF320       -32.504409          1.76          -427.981205          2.75           -1.463635         -427.983537          3.04                0.03         
CONF321       -32.504286          1.84          -427.981336          2.67           -1.532330         -427.983778          2.89                0.04         
CONF322       -32.504012          2.01          -427.983128          1.55           -1.700963         -427.985838          1.59                0.37         
CONF324       -32.504352          1.79          -427.981129          2.80           -1.469731         -427.983471          3.08                0.03         
CONF325       -32.504000          2.02          -427.980718          3.06           -1.686449         -427.983406          3.12                0.03         
CONF326       -32.504265          1.85          -427.980764          3.03           -1.519789         -427.983186          3.26                0.02         
CONF327       -32.503991          2.02          -427.979390          3.89           -1.686652         -427.982077          3.95                0.01         
CONF329       -32.504014          2.01          -427.979890          3.58           -1.655179         -427.982527          3.67                0.01         
CONF330       -32.504247          1.86          -427.980362          3.28           -1.508860         -427.982767          3.52                0.01         
CONF331       -32.504243          1.86          -427.980364          3.28           -1.511208         -427.982773          3.52                0.01         
CONF333       -32.504245          1.86          -427.980512          3.19           -1.508939         -427.982917          3.43                0.02         
CONF334       -32.504094          1.96          -427.980769          3.03           -1.601643         -427.983321          3.17                0.03         
CONF335       -32.504326          1.81          -427.981204          2.76           -1.454313         -427.983521          3.05                0.03         
CONF336       -32.504316          1.82          -427.981244          2.73           -1.459249         -427.983569          3.02                0.03         
CONF337       -32.504231          1.87          -427.980369          3.28           -1.509231         -427.982774          3.52                0.01         
CONF339       -32.504302          1.83          -427.981190          2.76           -1.462275         -427.983520          3.05                0.03         
CONF340       -32.504245          1.86          -427.980819          3.00           -1.497308         -427.983205          3.25                0.02         
CONF341       -32.503935          2.06          -427.982146          2.16           -1.691686         -427.984842          2.22                0.13         
CONF342       -32.504245          1.86          -427.980866          2.97           -1.495759         -427.983250          3.22                0.02         
CONF343       -32.503929          2.06          -427.983301          1.44           -1.696971         -427.986006          1.49                0.44         
CONF344       -32.504236          1.87          -427.980819          3.00           -1.497804         -427.983206          3.25                0.02         
CONF345       -32.503976          2.03          -427.981312          2.69           -1.655329         -427.983950          2.78                0.05         
CONF346       -32.503971          2.03          -427.981108          2.82           -1.656979         -427.983748          2.91                0.04         
CONF347       -32.504057          1.98          -427.982720          1.80           -1.602483         -427.985273          1.95                0.20         
CONF348       -32.504233          1.87          -427.981299          2.70           -1.486914         -427.983669          2.96                0.04         
CONF349       -32.504230          1.87          -427.981319          2.68           -1.488768         -427.983692          2.94                0.04         
CONF350       -32.504244          1.86          -427.980853          2.98           -1.478141         -427.983209          3.24                0.02         
CONF351       -32.504271          1.85          -427.981297          2.70           -1.460349         -427.983624          2.98                0.04         
CONF352       -32.503905          2.07          -427.982115          2.18           -1.678664         -427.984790          2.25                0.12         
CONF353       -32.504201          1.89          -427.981084          2.83           -1.492176         -427.983462          3.09                0.03         
CONF354       -32.503902          2.08          -427.982149          2.16           -1.678949         -427.984824          2.23                0.13         
CONF355       -32.504200          1.89          -427.981080          2.83           -1.490750         -427.983456          3.09                0.03         
CONF356       -32.504194          1.89          -427.981093          2.82           -1.494382         -427.983474          3.08                0.03         
CONF357       -32.504234          1.87          -427.981253          2.72           -1.470144         -427.983596          3.00                0.03         
CONF358       -32.504220          1.88          -427.981205          2.75           -1.477059         -427.983559          3.02                0.03         
CONF360       -32.503847          2.11          -427.982971          1.65           -1.695545         -427.985673          1.70                0.31         
CONF361       -32.503848          2.11          -427.982931          1.67           -1.695051         -427.985633          1.72                0.29         
CONF362       -32.504211          1.88          -427.981373          2.65           -1.466116         -427.983709          2.93                0.04         
CONF363       -32.504213          1.88          -427.981366          2.65           -1.463764         -427.983699          2.94                0.04         
CONF364       -32.504177          1.90          -427.980469          3.22           -1.485089         -427.982836          3.48                0.02         
CONF365       -32.503853          2.11          -427.982686          1.83           -1.685752         -427.985372          1.89                0.22         
CONF366       -32.503835          2.12          -427.982941          1.66           -1.695200         -427.985643          1.72                0.30         
CONF367       -32.503804          2.14          -427.982413          2.00           -1.707980         -427.985134          2.04                0.17         
CONF368       -32.504191          1.90          -427.980837          2.99           -1.464940         -427.983172          3.27                0.02         
CONF369       -32.504198          1.89          -427.980975          2.90           -1.458458         -427.983299          3.19                0.02         
CONF370       -32.504183          1.90          -427.980917          2.94           -1.467276         -427.983255          3.22                0.02         
CONF371       -32.504246          1.86          -427.980870          2.96           -1.475419         -427.983221          3.24                0.02         
CONF372       -32.504267          1.85          -427.981105          2.82           -1.460190         -427.983432          3.10                0.03         
CONF373       -32.503877          2.09          -427.982724          1.80           -1.657018         -427.985365          1.89                0.22         
CONF374       -32.503801          2.14          -427.982495          1.94           -1.704002         -427.985211          1.99                0.19         
CONF375       -32.504148          1.92          -427.980305          3.32           -1.484869         -427.982671          3.58                0.01         
CONF376       -32.504145          1.92          -427.980497          3.20           -1.486423         -427.982866          3.46                0.02         
CONF377       -32.504178          1.90          -427.980793          3.01           -1.465417         -427.983128          3.30                0.02         
CONF378       -32.503775          2.16          -427.982347          2.04           -1.711824         -427.985075          2.07                0.16         
CONF379       -32.503907          2.07          -427.980800          3.01           -1.624457         -427.983389          3.13                0.03         
CONF380       -32.503633          2.25          -427.981579          2.52           -1.796341         -427.984441          2.47                0.08         
CONF381       -32.504045          1.99          -427.980832          2.99           -1.532234         -427.983273          3.20                0.02         
CONF382       -32.504040          1.99          -427.980608          3.13           -1.532034         -427.983049          3.34                0.02         
CONF383       -32.503744          2.18          -427.982687          1.82           -1.707315         -427.985408          1.86                0.23         
CONF384       -32.503850          2.11          -427.982544          1.91           -1.638726         -427.985156          2.02                0.18         
CONF385       -32.503850          2.11          -427.982529          1.92           -1.637679         -427.985139          2.03                0.17         
CONF386       -32.503731          2.18          -427.982240          2.10           -1.712461         -427.984969          2.14                0.15         
CONF387       -32.503953          2.04          -427.982728          1.80           -1.568056         -427.985227          1.98                0.19         
CONF388       -32.504092          1.96          -427.980842          2.98           -1.478602         -427.983199          3.25                0.02         
CONF389       -32.504126          1.94          -427.981225          2.74           -1.456960         -427.983547          3.03                0.03         
CONF391       -32.504114          1.94          -427.981281          2.71           -1.462961         -427.983612          2.99                0.03         
CONF393       -32.503788          2.15          -427.982314          2.06           -1.661431         -427.984962          2.14                0.14         
CONF395       -32.503767          2.16          -427.980475          3.21           -1.672331         -427.983140          3.29                0.02         
CONF396       -32.503716          2.19          -427.982782          1.77           -1.702763         -427.985495          1.81                0.25         
CONF398       -32.503950          2.05          -427.979621          3.75           -1.555543         -427.982099          3.94                0.01         
CONF399       -32.503949          2.05          -427.979534          3.80           -1.554268         -427.982010          4.00                0.01         
CONF401       -32.504002          2.01          -427.980938          2.92           -1.520610         -427.983361          3.15                0.03         
CONF402       -32.504002          2.01          -427.980927          2.93           -1.519960         -427.983349          3.16                0.03         
CONF404       -32.504001          2.01          -427.980151          3.42           -1.508106         -427.982554          3.66                0.01         
CONF405       -32.503701          2.20          -427.980044          3.48           -1.688070         -427.982734          3.54                0.01         
CONF407       -32.503688          2.21          -427.980532          3.18           -1.684394         -427.983216          3.24                0.02         
CONF409       -32.503646          2.24          -427.982071          2.21           -1.698455         -427.984778          2.26                0.12         
CONF410       -32.503680          2.22          -427.981313          2.69           -1.676771         -427.983985          2.76                0.05         
CONF411       -32.503969          2.03          -427.980860          2.97           -1.490885         -427.983236          3.23                0.02         
CONF412       -32.503966          2.04          -427.980915          2.94           -1.486254         -427.983283          3.20                0.02         
CONF414       -32.503729          2.19          -427.982515          1.93           -1.626521         -427.985107          2.05                0.17         
CONF415       -32.503725          2.19          -427.982475          1.96           -1.627566         -427.985069          2.08                0.16         
CONF416       -32.503671          2.22          -427.979384          3.90           -1.651625         -427.982016          3.99                0.01         
CONF417       -32.503939          2.05          -427.980622          3.12           -1.473447         -427.982970          3.39                0.02         
CONF418       -32.503689          2.21          -427.979481          3.84           -1.626625         -427.982073          3.96                0.01         
CONF419       -32.503845          2.11          -427.980795          3.01           -1.526426         -427.983227          3.23                0.02         
CONF420       -32.503848          2.11          -427.980398          3.26           -1.524475         -427.982827          3.48                0.02         
CONF421       -32.503850          2.11          -427.980427          3.24           -1.520912         -427.982851          3.47                0.02         
CONF422       -32.503910          2.07          -427.980321          3.31           -1.481241         -427.982681          3.58                0.01         
CONF423       -32.503830          2.12          -427.980558          3.16           -1.531378         -427.982998          3.38                0.02         
CONF424       -32.503845          2.11          -427.980640          3.11           -1.523728         -427.983068          3.33                0.02         
CONF427       -32.503889          2.08          -427.980733          3.05           -1.482195         -427.983095          3.32                0.02         
CONF431       -32.503879          2.09          -427.980674          3.09           -1.468304         -427.983014          3.37                0.02         
CONF432       -32.503665          2.22          -427.982973          1.65           -1.598368         -427.985520          1.79                0.26         
CONF433       -32.503868          2.10          -427.980656          3.10           -1.467370         -427.982995          3.38                0.02         
CONF434       -32.503813          2.13          -427.980616          3.12           -1.497185         -427.983002          3.37                0.02         
CONF436       -32.503584          2.28          -427.982330          2.05           -1.633523         -427.984933          2.16                0.14         
CONF438       -32.503563          2.29          -427.982360          2.03           -1.634069         -427.984964          2.14                0.14         
CONF439       -32.503560          2.29          -427.982342          2.04           -1.634121         -427.984946          2.15                0.14         
CONF440       -32.503766          2.16          -427.980716          3.06           -1.498889         -427.983104          3.31                0.02         
CONF443       -32.503552          2.30          -427.980313          3.31           -1.621590         -427.982897          3.44                0.02         
CONF445       -32.503552          2.30          -427.981454          2.60           -1.605557         -427.984012          2.74                0.05         
CONF446       -32.503384          2.40          -427.982082          2.20           -1.684879         -427.984767          2.27                0.12         
CONF447       -32.503777          2.16          -427.980674          3.09           -1.437957         -427.982965          3.40                0.02         
CONF448       -32.503780          2.15          -427.980734          3.05           -1.432712         -427.983018          3.36                0.02         
CONF451       -32.503734          2.18          -427.981067          2.84           -1.432108         -427.983349          3.16                0.03         
CONF452       -32.503729          2.19          -427.981069          2.84           -1.434762         -427.983355          3.15                0.03         
CONF453       -32.503737          2.18          -427.981061          2.84           -1.429856         -427.983340          3.16                0.03         
CONF454       -32.503428          2.37          -427.982525          1.93           -1.622949         -427.985112          2.05                0.17         
CONF455       -32.503430          2.37          -427.982539          1.92           -1.618658         -427.985119          2.05                0.17         
CONF456       -32.503286          2.46          -427.980943          2.92           -1.703912         -427.983658          2.96                0.04         
CONF457       -32.503325          2.44          -427.982177          2.14           -1.675668         -427.984847          2.22                0.13         
CONF461       -32.503639          2.24          -427.980464          3.22           -1.468399         -427.982804          3.50                0.01         
CONF463       -32.503402          2.39          -427.980978          2.90           -1.613394         -427.983549          3.03                0.03         
CONF464       -32.503297          2.46          -427.980926          2.93           -1.677036         -427.983598          3.00                0.03         
CONF465       -32.503764          2.16          -427.981195          2.76           -1.381973         -427.983397          3.13                0.03         
CONF466       -32.503248          2.49          -427.981640          2.48           -1.693904         -427.984339          2.54                0.07         
CONF467       -32.503362          2.42          -427.981303          2.69           -1.615676         -427.983877          2.83                0.05         
CONF469       -32.503266          2.48          -427.982282          2.08           -1.646670         -427.984906          2.18                0.14         
CONF470       -32.503487          2.34          -427.980446          3.23           -1.500825         -427.982838          3.48                0.02         
CONF471       -32.503478          2.34          -427.980410          3.25           -1.500131         -427.982800          3.50                0.01         
CONF472       -32.503582          2.28          -427.980612          3.13           -1.430672         -427.982892          3.44                0.02         
CONF473       -32.503189          2.52          -427.982616          1.87           -1.677636         -427.985289          1.94                0.20         
CONF480       -32.503208          2.51          -427.980384          3.27           -1.652627         -427.983018          3.36                0.02         
CONF481       -32.503199          2.52          -427.980578          3.15           -1.653355         -427.983213          3.24                0.02         
CONF483       -32.503206          2.51          -427.980875          2.96           -1.640651         -427.983490          3.07                0.03         
CONF485       -32.503418          2.38          -427.980649          3.10           -1.504303         -427.983046          3.35                0.02         
CONF488       -32.503001          2.64          -427.980439          3.24           -1.753164         -427.983233          3.23                0.02         
CONF489       -32.503174          2.53          -427.980843          2.98           -1.643235         -427.983462          3.09                0.03         
CONF491       -32.502974          2.66          -427.980460          3.22           -1.756317         -427.983259          3.21                0.02         
CONF494       -32.503457          2.36          -427.980634          3.11           -1.449509         -427.982944          3.41                0.02         
CONF496       -32.503444          2.36          -427.980591          3.14           -1.453441         -427.982908          3.43                0.02         
CONF497       -32.503184          2.53          -427.980856          2.97           -1.613395         -427.983427          3.11                0.03         
CONF498       -32.503161          2.54          -427.980813          3.00           -1.622772         -427.983399          3.13                0.03         
CONF499       -32.503109          2.57          -427.981368          2.65           -1.654138         -427.984004          2.75                0.05         
CONF502       -32.503056          2.61          -427.982090          2.20           -1.683127         -427.984773          2.26                0.12         
CONF503       -32.503406          2.39          -427.980956          2.91           -1.462945         -427.983287          3.20                0.02         
CONF504       -32.503049          2.61          -427.982039          2.23           -1.686643         -427.984727          2.29                0.11         
CONF506       -32.503348          2.42          -427.980129          3.43           -1.494167         -427.982510          3.68                0.01         
CONF508       -32.503338          2.43          -427.980220          3.37           -1.485293         -427.982587          3.64                0.01         
CONF511       -32.503382          2.40          -427.980875          2.96           -1.442751         -427.983174          3.27                0.02         
CONF512       -32.502928          2.69          -427.979859          3.60           -1.726991         -427.982611          3.62                0.01         
CONF515       -32.503114          2.57          -427.980760          3.03           -1.604572         -427.983317          3.18                0.03         
CONF516       -32.502957          2.67          -427.981242          2.73           -1.701675         -427.983953          2.78                0.05         
CONF517       -32.503017          2.63          -427.981978          2.27           -1.662839         -427.984628          2.35                0.10         
CONF518       -32.503123          2.57          -427.982258          2.09           -1.594148         -427.984799          2.25                0.12         
CONF519       -32.502934          2.68          -427.980928          2.93           -1.709269         -427.983652          2.97                0.04         
CONF520       -32.502879          2.72          -427.981056          2.85           -1.731899         -427.983816          2.86                0.04         
CONF524       -32.502892          2.71          -427.981196          2.76           -1.710650         -427.983922          2.80                0.05         
CONF527       -32.503296          2.46          -427.980400          3.26           -1.451969         -427.982714          3.56                0.01         
CONF530       -32.502893          2.71          -427.982029          2.24           -1.686861         -427.984718          2.30                0.11         
CONF532       -32.502892          2.71          -427.981964          2.28           -1.684854         -427.984649          2.34                0.10         
CONF535       -32.502995          2.65          -427.980958          2.91           -1.614115         -427.983530          3.04                0.03         
CONF536       -32.502991          2.65          -427.981083          2.83           -1.615258         -427.983658          2.96                0.04         
CONF537       -32.502808          2.76          -427.981034          2.86           -1.728318         -427.983788          2.88                0.04         
CONF538       -32.503249          2.49          -427.980420          3.25           -1.450877         -427.982732          3.54                0.01         
CONF539       -32.503004          2.64          -427.980191          3.39           -1.602287         -427.982745          3.54                0.01         
CONF541       -32.502869          2.73          -427.981707          2.44           -1.687250         -427.984396          2.50                0.08         
CONF546       -32.502782          2.78          -427.980829          2.99           -1.712923         -427.983559          3.03                0.03         
CONF556       -32.502809          2.76          -427.980029          3.49           -1.660079         -427.982674          3.58                0.01         
CONF566       -32.502737          2.81          -427.980095          3.45           -1.672952         -427.982761          3.53                0.01         
CONF567       -32.502751          2.80          -427.980364          3.28           -1.663932         -427.983015          3.37                0.02         
CONF569       -32.502765          2.79          -427.979872          3.59           -1.635245         -427.982478          3.70                0.01         
CONF572       -32.502740          2.81          -427.980491          3.20           -1.638869         -427.983103          3.31                0.02         
CONF575       -32.502732          2.81          -427.980472          3.21           -1.637321         -427.983081          3.32                0.02         
CONF576       -32.502702          2.83          -427.980073          3.46           -1.654020         -427.982709          3.56                0.01         
CONF581       -32.502830          2.75          -427.980250          3.35           -1.561218         -427.982738          3.54                0.01         
CONF583       -32.502663          2.85          -427.979887          3.58           -1.663541         -427.982538          3.67                0.01         
CONF584       -32.502680          2.84          -427.980329          3.30           -1.649871         -427.982958          3.40                0.02         
CONF586       -32.502614          2.88          -427.980318          3.31           -1.680811         -427.982996          3.38                0.02         
CONF588       -32.502652          2.86          -427.979795          3.64           -1.651954         -427.982427          3.74                0.01         
CONF590       -32.502604          2.89          -427.980398          3.26           -1.679989         -427.983075          3.33                0.02         
CONF600       -32.502895          2.71          -427.980197          3.39           -1.472355         -427.982543          3.66                0.01         
CONF602       -32.502599          2.89          -427.979996          3.51           -1.655222         -427.982634          3.61                0.01         
CONF604       -32.502750          2.80          -427.980706          3.07           -1.556709         -427.983187          3.26                0.02         
CONF605       -32.502510          2.95          -427.980148          3.42           -1.705821         -427.982866          3.46                0.02         
CONF606       -32.502691          2.84          -427.980844          2.98           -1.586595         -427.983372          3.14                0.03         
CONF609       -32.502587          2.90          -427.979867          3.59           -1.646954         -427.982491          3.69                0.01         
CONF611       -32.502570          2.91          -427.980200          3.39           -1.645535         -427.982822          3.49                0.02         
CONF612       -32.502456          2.98          -427.979549          3.79           -1.717005         -427.982285          3.82                0.01         
CONF613       -32.502534          2.94          -427.979869          3.59           -1.661408         -427.982516          3.68                0.01         
CONF616       -32.502516          2.95          -427.979796          3.64           -1.655450         -427.982434          3.73                0.01         
CONF618       -32.502496          2.96          -427.979903          3.57           -1.655181         -427.982541          3.66                0.01         
CONF620       -32.502456          2.98          -427.980111          3.44           -1.674704         -427.982780          3.51                0.01         
CONF621       -32.502575          2.91          -427.980160          3.41           -1.598010         -427.982707          3.56                0.01         
CONF622       -32.502568          2.91          -427.980200          3.39           -1.599684         -427.982749          3.53                0.01         
CONF623       -32.502551          2.92          -427.980251          3.35           -1.610279         -427.982818          3.49                0.01         
CONF624       -32.502574          2.91          -427.980051          3.48           -1.591857         -427.982588          3.63                0.01         
CONF626       -32.502496          2.96          -427.980208          3.38           -1.627278         -427.982801          3.50                0.01         
CONF627       -32.502470          2.98          -427.979989          3.52           -1.641288         -427.982605          3.62                0.01         
CONF628       -32.502503          2.95          -427.979701          3.70           -1.617476         -427.982278          3.83                0.01         
CONF629       -32.502537          2.93          -427.979976          3.53           -1.596259         -427.982520          3.68                0.01         
CONF630       -32.502438          3.00          -427.980359          3.29           -1.653289         -427.982994          3.38                0.02         
CONF631       -32.502404          3.02          -427.980000          3.51           -1.670168         -427.982661          3.59                0.01         
CONF632       -32.502433          3.00          -427.980794          3.01           -1.650613         -427.983424          3.11                0.03         
CONF633       -32.502406          3.02          -427.979895          3.58           -1.667776         -427.982553          3.66                0.01         
CONF641       -32.502360          3.04          -427.980262          3.35           -1.637769         -427.982872          3.46                0.02         
CONF643       -32.502332          3.06          -427.980171          3.40           -1.639019         -427.982783          3.51                0.01         
CONF648       -32.502203          3.14          -427.979807          3.63           -1.702533         -427.982521          3.68                0.01         
CONF651       -32.502266          3.10          -427.979815          3.63           -1.647309         -427.982440          3.73                0.01         
CONF654       -32.502168          3.16          -427.980231          3.37           -1.704146         -427.982947          3.41                0.02         
CONF657       -32.502361          3.04          -427.979763          3.66           -1.563811         -427.982255          3.84                0.01         
CONF660       -32.502129          3.19          -427.979952          3.54           -1.699719         -427.982661          3.59                0.01         
CONF661       -32.502171          3.16          -427.979946          3.54           -1.668037         -427.982604          3.62                0.01         
CONF666       -32.502196          3.15          -427.979735          3.68           -1.637844         -427.982345          3.79                0.01         
CONF668       -32.502179          3.16          -427.979692          3.70           -1.638651         -427.982304          3.81                0.01         
CONF669       -32.502067          3.23          -427.979796          3.64           -1.714109         -427.982527          3.67                0.01         
CONF670       -32.502212          3.14          -427.980016          3.50           -1.616506         -427.982592          3.63                0.01         
CONF686       -32.502267          3.10          -427.979579          3.78           -1.540178         -427.982033          3.98                0.01         
CONF689       -32.502019          3.26          -427.980337          3.30           -1.691100         -427.983032          3.36                0.02         
CONF692       -32.501988          3.28          -427.979635          3.74           -1.706513         -427.982354          3.78                0.01         
CONF697       -32.502058          3.23          -427.980695          3.07           -1.657277         -427.983337          3.16                0.03         
CONF705       -32.502064          3.23          -427.980019          3.50           -1.635389         -427.982626          3.61                0.01         
CONF711       -32.501908          3.33          -427.979667          3.72           -1.716035         -427.982402          3.75                0.01         
CONF714       -32.501890          3.34          -427.979645          3.73           -1.712543         -427.982374          3.77                0.01         
CONF720       -32.501826          3.38          -427.979831          3.62           -1.729812         -427.982587          3.63                0.01         
CONF729       -32.501902          3.33          -427.979696          3.70           -1.691843         -427.982392          3.76                0.01         
CONF747       -32.501764          3.42          -427.979480          3.84           -1.689550         -427.982173          3.89                0.01         
CONF760       -32.501781          3.41          -427.979537          3.80           -1.601767         -427.982089          3.95                0.01         
CONF761       -32.501636          3.50          -427.979672          3.72           -1.691242         -427.982368          3.77                0.01         
CONF762       -32.501621          3.51          -427.979659          3.72           -1.697247         -427.982364          3.77                0.01         
CONF763       -32.501723          3.44          -427.979489          3.83           -1.628857         -427.982085          3.95                0.01         
CONF764       -32.501720          3.45          -427.979525          3.81           -1.622445         -427.982110          3.93                0.01         
CONF766       -32.501642          3.49          -427.979566          3.78           -1.661586         -427.982214          3.87                0.01         
CONF770       -32.501636          3.50          -427.979512          3.82           -1.660467         -427.982158          3.90                0.01         
CONF784       -32.501724          3.44          -427.980006          3.51           -1.550155         -427.982476          3.70                0.01         
CONF793       -32.501566          3.54          -427.979494          3.83           -1.610052         -427.982059          3.97                0.01         
CONF794       -32.501613          3.51          -427.979516          3.81           -1.570786         -427.982019          3.99                0.01         
CONF795       -32.501556          3.55          -427.979868          3.59           -1.598343         -427.982415          3.74                0.01         
CONF796       -32.501533          3.56          -427.979895          3.58           -1.603831         -427.982451          3.72                0.01         

Boltzmann averaged free energy/enthalpy of ensemble on input geometries (not DFT optimized):
temperature /K:   avE(T) /a.u.   avG(T) /a.u.
    298.15        -425.3817847    -425.3844350     <<==part0==
----------------------------------------------------------------------------------------------------