
         ______________________________________________________________
        |                                                              |
        |                                                              |
        |                   CENSO - Commandline ENSO                   |
        |                           v 2.1.2                            |
        |    energetic sorting of CREST Conformer Rotamer Ensembles    |
        |                    University of Bonn, MCTC                  |
        |                           Oct 2024                           |
        |                 based on ENSO version 2.0.1                  |
        |             L. M. Seidler, F. Bohle and S. Grimme            |
        |                                                              |
        |______________________________________________________________|

        Please cite:
        (TBA)
        S. Grimme, F. Bohle, A. Hansen, P. Pracht, S. Spicher, and M. Stahn
        J. Phys. Chem. A 2021, 125, 19, 4039-4054.
        DOI: https://doi.org/10.1021/acs.jpca.1c00971

        This program is distributed in the hope that it will be useful,
        but WITHOUT ANY WARRANTY; without even the implied warranty of
        MERCHANTABILITY or FITNESS FOR A PARTICULAR PURPOSE.

Reading configuration file from /home/z5358697/.censo2rc.
CALL: /srv/scratch/z5358697/.censo/bin/censo -i crest_conformers.xyz --maxcores 16 -O 1 --loglevel DEBUG
Read 183 conformers.
Number of atoms:              40
Charge:                       0
Unpaired electrons:           0


----------------------------------------------------------------------------------------------------
                                          GENERAL SETTINGS                                          
----------------------------------------------------------------------------------------------------
    
imagthr:                      -100.0
sthr:                         0.0
scale:                        1.0
temperature:                  298.15
solvent:                      h2o
sm_rrho:                      alpb
multitemp:                    False
evaluate_rrho:                False
consider_sym:                 False
bhess:                        False
rmsdbias:                     False
balance:                      False
gas-phase:                    False
copy_mo:                      True
retry_failed:                 True
trange:                       [273.15, 373.15, 5]



----------------------------------------------------------------------------------------------------
                                            PRESCREENING                                            
----------------------------------------------------------------------------------------------------
    
threshold:                    4.0
func:                         pbe-d4
basis:                        def2-sv(p)
prog:                         orca
gfnv:                         gfn2
run:                          True
template:                     False


Running xtb_gsolv calculation for CONF1.
Running xtb_gsolv calculation for CONF3.
Running xtb_gsolv calculation for CONF9.
Running xtb_gsolv calculation for CONF8.
Running xtb_gsolv calculation for CONF10.
Running xtb_gsolv calculation for CONF2.
Running xtb_gsolv calculation for CONF6.
Running xtb_gsolv calculation for CONF7.
Running xtb_gsolv calculation for CONF4.
Running xtb_gsolv calculation for CONF14.
Running xtb_gsolv calculation for CONF5.
Running xtb_gsolv calculation for CONF15.
Running xtb_gsolv calculation for CONF11.
Running xtb_gsolv calculation for CONF16.
Running xtb_gsolv calculation for CONF21.
Running xtb_gsolv calculation for CONF13.
Running xtb_gsolv calculation for CONF12.
Running xtb_gsolv calculation for CONF17.
Running xtb_gsolv calculation for CONF19.
Running xtb_gsolv calculation for CONF18.
Running xtb_gsolv calculation for CONF22.
Running xtb_gsolv calculation for CONF20.
Running xtb_gsolv calculation for CONF29.
Running xtb_gsolv calculation for CONF32.
Running xtb_gsolv calculation for CONF24.
Running xtb_gsolv calculation for CONF27.
Running xtb_gsolv calculation for CONF28.
Running xtb_gsolv calculation for CONF33.
Running xtb_gsolv calculation for CONF36.
Running xtb_gsolv calculation for CONF30.
Running xtb_gsolv calculation for CONF37.
Running xtb_gsolv calculation for CONF31.
Running xtb_gsolv calculation for CONF34.
Running xtb_gsolv calculation for CONF35.
Running xtb_gsolv calculation for CONF23.
Running xtb_gsolv calculation for CONF38.
Running xtb_gsolv calculation for CONF41.
Running xtb_gsolv calculation for CONF43.
Running xtb_gsolv calculation for CONF45.
Running xtb_gsolv calculation for CONF39.
Running xtb_gsolv calculation for CONF40.
Running xtb_gsolv calculation for CONF42.
Running xtb_gsolv calculation for CONF47.
Running xtb_gsolv calculation for CONF46.
Running xtb_gsolv calculation for CONF49.
Running xtb_gsolv calculation for CONF44.
Running xtb_gsolv calculation for CONF48.
Running xtb_gsolv calculation for CONF50.
Running xtb_gsolv calculation for CONF25.
Running xtb_gsolv calculation for CONF51.
Running xtb_gsolv calculation for CONF53.
Running xtb_gsolv calculation for CONF55.
Running xtb_gsolv calculation for CONF54.
Running xtb_gsolv calculation for CONF56.
Running xtb_gsolv calculation for CONF58.
Running xtb_gsolv calculation for CONF57.
Running xtb_gsolv calculation for CONF59.
Running xtb_gsolv calculation for CONF60.
Running xtb_gsolv calculation for CONF62.
Running xtb_gsolv calculation for CONF52.
Running xtb_gsolv calculation for CONF63.
Running xtb_gsolv calculation for CONF64.
Running xtb_gsolv calculation for CONF66.
Running xtb_gsolv calculation for CONF65.
Running xtb_gsolv calculation for CONF67.
Running xtb_gsolv calculation for CONF69.
Running xtb_gsolv calculation for CONF68.
Running xtb_gsolv calculation for CONF70.
Running xtb_gsolv calculation for CONF71.
Running xtb_gsolv calculation for CONF76.
Running xtb_gsolv calculation for CONF75.
Running xtb_gsolv calculation for CONF61.
Running xtb_gsolv calculation for CONF77.
Running xtb_gsolv calculation for CONF26.
Running xtb_gsolv calculation for CONF78.
Running xtb_gsolv calculation for CONF79.
Running xtb_gsolv calculation for CONF80.
Running xtb_gsolv calculation for CONF81.
Running xtb_gsolv calculation for CONF73.
Running xtb_gsolv calculation for CONF82.
Running xtb_gsolv calculation for CONF74.
Running xtb_gsolv calculation for CONF83.
Running xtb_gsolv calculation for CONF84.
Running xtb_gsolv calculation for CONF85.
Running xtb_gsolv calculation for CONF72.
Running xtb_gsolv calculation for CONF86.
Running xtb_gsolv calculation for CONF88.
Running xtb_gsolv calculation for CONF101.
Running xtb_gsolv calculation for CONF97.
Running xtb_gsolv calculation for CONF87.
Running xtb_gsolv calculation for CONF91.
Running xtb_gsolv calculation for CONF99.
Running xtb_gsolv calculation for CONF89.
Running xtb_gsolv calculation for CONF100.
Running xtb_gsolv calculation for CONF90.
Running xtb_gsolv calculation for CONF92.
Running xtb_gsolv calculation for CONF94.
Running xtb_gsolv calculation for CONF93.
Running xtb_gsolv calculation for CONF96.
Running xtb_gsolv calculation for CONF103.
Running xtb_gsolv calculation for CONF98.
Running xtb_gsolv calculation for CONF102.
Running xtb_gsolv calculation for CONF104.
Running xtb_gsolv calculation for CONF105.
Running xtb_gsolv calculation for CONF106.
Running xtb_gsolv calculation for CONF109.
Running xtb_gsolv calculation for CONF111.
Running xtb_gsolv calculation for CONF108.
Running xtb_gsolv calculation for CONF107.
Running xtb_gsolv calculation for CONF110.
Running xtb_gsolv calculation for CONF95.
Running xtb_gsolv calculation for CONF112.
Running xtb_gsolv calculation for CONF113.
Running xtb_gsolv calculation for CONF118.
Running xtb_gsolv calculation for CONF124.
Running xtb_gsolv calculation for CONF115.
Running xtb_gsolv calculation for CONF123.
Running xtb_gsolv calculation for CONF120.
Running xtb_gsolv calculation for CONF122.
Running xtb_gsolv calculation for CONF114.
Running xtb_gsolv calculation for CONF116.
Running xtb_gsolv calculation for CONF121.
Running xtb_gsolv calculation for CONF125.
Running xtb_gsolv calculation for CONF119.
Running xtb_gsolv calculation for CONF117.
Running xtb_gsolv calculation for CONF126.
Running xtb_gsolv calculation for CONF133.
Running xtb_gsolv calculation for CONF131.
Running xtb_gsolv calculation for CONF129.
Running xtb_gsolv calculation for CONF132.
Running xtb_gsolv calculation for CONF127.
Running xtb_gsolv calculation for CONF128.
Running xtb_gsolv calculation for CONF130.
Running xtb_gsolv calculation for CONF137.
Running xtb_gsolv calculation for CONF136.
Running xtb_gsolv calculation for CONF139.
Running xtb_gsolv calculation for CONF138.
Running xtb_gsolv calculation for CONF135.
Running xtb_gsolv calculation for CONF134.
Running xtb_gsolv calculation for CONF141.
Running xtb_gsolv calculation for CONF142.
Running xtb_gsolv calculation for CONF144.
Running xtb_gsolv calculation for CONF143.
Running xtb_gsolv calculation for CONF145.
Running xtb_gsolv calculation for CONF140.
Running xtb_gsolv calculation for CONF147.
Running xtb_gsolv calculation for CONF146.
Running xtb_gsolv calculation for CONF159.
Running xtb_gsolv calculation for CONF160.
Running xtb_gsolv calculation for CONF154.
Running xtb_gsolv calculation for CONF152.
Running xtb_gsolv calculation for CONF155.
Running xtb_gsolv calculation for CONF148.
Running xtb_gsolv calculation for CONF157.
Running xtb_gsolv calculation for CONF150.
Running xtb_gsolv calculation for CONF153.
Running xtb_gsolv calculation for CONF156.
Running xtb_gsolv calculation for CONF149.
Running xtb_gsolv calculation for CONF162.
Running xtb_gsolv calculation for CONF161.
Running xtb_gsolv calculation for CONF151.
Running xtb_gsolv calculation for CONF170.
Running xtb_gsolv calculation for CONF168.
Running xtb_gsolv calculation for CONF165.
Running xtb_gsolv calculation for CONF163.
Running xtb_gsolv calculation for CONF164.
Running xtb_gsolv calculation for CONF175.
Running xtb_gsolv calculation for CONF169.
Running xtb_gsolv calculation for CONF166.
Running xtb_gsolv calculation for CONF171.
Running xtb_gsolv calculation for CONF174.
Running xtb_gsolv calculation for CONF167.
Running xtb_gsolv calculation for CONF158.
Running xtb_gsolv calculation for CONF173.
Running xtb_gsolv calculation for CONF172.
Running xtb_gsolv calculation for CONF181.
Running xtb_gsolv calculation for CONF176.
Running xtb_gsolv calculation for CONF178.
Running xtb_gsolv calculation for CONF177.
Running xtb_gsolv calculation for CONF180.
Running xtb_gsolv calculation for CONF179.
Running xtb_gsolv calculation for CONF182.
Running xtb_gsolv calculation for CONF183.
Running sp calculation for CONF1.
Running sp calculation for CONF2.
Running sp calculation for CONF3.
Running sp calculation for CONF5.
Running sp calculation for CONF6.
Running sp calculation for CONF4.
Running sp calculation for CONF8.
Running sp calculation for CONF11.
Running sp calculation for CONF7.
Running sp calculation for CONF12.
Running sp calculation for CONF9.
Running sp calculation for CONF10.
Running sp calculation for CONF14.
Running sp calculation for CONF15.
Running sp calculation for CONF13.
Running sp calculation for CONF16.
Running sp calculation for CONF17.
Running sp calculation for CONF18.
Running sp calculation for CONF19.
Running sp calculation for CONF20.
Running sp calculation for CONF21.
Running sp calculation for CONF22.
Running sp calculation for CONF23.
Running sp calculation for CONF24.
Running sp calculation for CONF25.
Running sp calculation for CONF26.
Running sp calculation for CONF27.
Running sp calculation for CONF28.
Running sp calculation for CONF29.
Running sp calculation for CONF30.
Running sp calculation for CONF31.
Running sp calculation for CONF32.
Running sp calculation for CONF33.
Running sp calculation for CONF34.
Running sp calculation for CONF35.
Running sp calculation for CONF36.
Running sp calculation for CONF37.
Running sp calculation for CONF38.
Running sp calculation for CONF40.
Running sp calculation for CONF39.
Running sp calculation for CONF41.
Running sp calculation for CONF43.
Running sp calculation for CONF42.
Running sp calculation for CONF44.
Running sp calculation for CONF45.
Running sp calculation for CONF46.
Running sp calculation for CONF47.
Running sp calculation for CONF48.
Running sp calculation for CONF49.
Running sp calculation for CONF50.
Running sp calculation for CONF51.
Running sp calculation for CONF52.
Running sp calculation for CONF53.
Running sp calculation for CONF55.
Running sp calculation for CONF54.
Running sp calculation for CONF56.
Running sp calculation for CONF57.
Running sp calculation for CONF58.
Running sp calculation for CONF59.
Running sp calculation for CONF60.
Running sp calculation for CONF61.
Running sp calculation for CONF62.
Running sp calculation for CONF63.
Running sp calculation for CONF64.
Running sp calculation for CONF65.
Running sp calculation for CONF66.
Running sp calculation for CONF67.
Running sp calculation for CONF68.
Running sp calculation for CONF69.
Running sp calculation for CONF70.
Running sp calculation for CONF71.
Running sp calculation for CONF72.
Running sp calculation for CONF73.
Running sp calculation for CONF74.
Running sp calculation for CONF75.
Running sp calculation for CONF76.
Running sp calculation for CONF77.
Running sp calculation for CONF78.
Running sp calculation for CONF79.
Running sp calculation for CONF80.
Running sp calculation for CONF81.
Running sp calculation for CONF82.
Running sp calculation for CONF83.
Running sp calculation for CONF84.
Running sp calculation for CONF85.
Running sp calculation for CONF86.
Running sp calculation for CONF87.
Running sp calculation for CONF88.
Running sp calculation for CONF89.
Running sp calculation for CONF90.
Running sp calculation for CONF91.
Running sp calculation for CONF92.
Running sp calculation for CONF93.
Running sp calculation for CONF94.
Running sp calculation for CONF95.
Running sp calculation for CONF96.
Running sp calculation for CONF97.
Running sp calculation for CONF98.
Running sp calculation for CONF99.
Running sp calculation for CONF100.
Running sp calculation for CONF101.
Running sp calculation for CONF102.
Running sp calculation for CONF103.
Running sp calculation for CONF105.
Running sp calculation for CONF104.
Running sp calculation for CONF106.
Running sp calculation for CONF107.
Running sp calculation for CONF108.
Running sp calculation for CONF109.
Running sp calculation for CONF110.
Running sp calculation for CONF111.
Running sp calculation for CONF112.
Running sp calculation for CONF113.
Running sp calculation for CONF114.
Running sp calculation for CONF115.
Running sp calculation for CONF116.
Running sp calculation for CONF117.
Running sp calculation for CONF118.
Running sp calculation for CONF119.
Running sp calculation for CONF120.
Running sp calculation for CONF121.
Running sp calculation for CONF122.
Running sp calculation for CONF123.
Running sp calculation for CONF124.
Running sp calculation for CONF125.
Running sp calculation for CONF126.
Running sp calculation for CONF127.
Running sp calculation for CONF128.
Running sp calculation for CONF129.
Running sp calculation for CONF130.
Running sp calculation for CONF131.
Running sp calculation for CONF132.
Running sp calculation for CONF133.
Running sp calculation for CONF134.
Running sp calculation for CONF135.
Running sp calculation for CONF136.
Running sp calculation for CONF137.
Running sp calculation for CONF138.
Running sp calculation for CONF139.
Running sp calculation for CONF140.
Running sp calculation for CONF141.
Running sp calculation for CONF142.
Running sp calculation for CONF143.
Running sp calculation for CONF144.
Running sp calculation for CONF145.
Running sp calculation for CONF146.
Running sp calculation for CONF147.
Running sp calculation for CONF148.
Running sp calculation for CONF149.
Running sp calculation for CONF150.
Running sp calculation for CONF151.
Running sp calculation for CONF152.
Running sp calculation for CONF153.
Running sp calculation for CONF154.
Running sp calculation for CONF155.
Running sp calculation for CONF156.
Running sp calculation for CONF157.
Running sp calculation for CONF158.
Running sp calculation for CONF160.
Running sp calculation for CONF159.
Running sp calculation for CONF161.
Running sp calculation for CONF162.
Running sp calculation for CONF163.
Running sp calculation for CONF164.
Running sp calculation for CONF165.
Running sp calculation for CONF166.
Running sp calculation for CONF167.
Running sp calculation for CONF168.
Running sp calculation for CONF169.
Running sp calculation for CONF170.
Running sp calculation for CONF171.
Running sp calculation for CONF174.
Running sp calculation for CONF175.
Running sp calculation for CONF172.
Running sp calculation for CONF173.
Running sp calculation for CONF176.
Running sp calculation for CONF177.
Running sp calculation for CONF178.
Running sp calculation for CONF179.
Running sp calculation for CONF180.
Running sp calculation for CONF181.
Running sp calculation for CONF182.
Running sp calculation for CONF183.


No longer considering CONF24.
No longer considering CONF48.
No longer considering CONF49.
No longer considering CONF52.
No longer considering CONF55.
No longer considering CONF54.
No longer considering CONF65.
No longer considering CONF69.
No longer considering CONF70.
No longer considering CONF74.
No longer considering CONF76.
No longer considering CONF78.
No longer considering CONF79.
No longer considering CONF80.
No longer considering CONF85.
No longer considering CONF90.
No longer considering CONF91.
No longer considering CONF92.
No longer considering CONF95.
No longer considering CONF98.
No longer considering CONF99.
No longer considering CONF100.
No longer considering CONF105.
No longer considering CONF104.
No longer considering CONF107.
No longer considering CONF108.
No longer considering CONF109.
No longer considering CONF110.
No longer considering CONF111.
No longer considering CONF117.
No longer considering CONF118.
No longer considering CONF120.
No longer considering CONF121.
No longer considering CONF122.
No longer considering CONF123.
No longer considering CONF124.
No longer considering CONF125.
No longer considering CONF126.
No longer considering CONF127.
No longer considering CONF128.
No longer considering CONF129.
No longer considering CONF135.
No longer considering CONF136.
No longer considering CONF137.
No longer considering CONF138.
No longer considering CONF140.
No longer considering CONF142.
No longer considering CONF146.
No longer considering CONF166.

-------------------------------- PRESCREENING SINGLE-POINT RESULTS ---------------------------------

 CONF#         E (xTB)          ΔE (xTB)          E (DFT)           ΔE (DFT)        ΔGsolv (xTB)           Gtot             ΔGtot          Boltzmann weight   
                 [Eh]          [kcal/mol]           [Eh]           [kcal/mol]        [kcal/mol]            [Eh]           [kcal/mol]        % at 298.15 K     
 CONF1        -60.392689          0.00          -1542.415908          0.80           -8.337248         -1542.429195          0.72                2.55         
 CONF2        -60.392676          0.01          -1542.416007          0.74           -8.320423         -1542.429266          0.67                2.75         
 CONF3        -60.392583          0.07          -1542.414420          1.74           -8.107934         -1542.427341          1.88                0.36         
 CONF4        -60.391814          0.55          -1542.413374          2.40           -8.217710         -1542.426470          2.43                0.14         
 CONF5        -60.391747          0.59          -1542.413453          2.35           -8.179217         -1542.426487          2.41                0.14         
 CONF6        -60.391406          0.81          -1542.415767          0.89           -8.291569         -1542.428981          0.85                2.03         
 CONF7        -60.391616          0.67          -1542.415730          0.92           -8.056642         -1542.428569          1.11                1.31         
 CONF8        -60.391325          0.86          -1542.414805          1.50           -8.109015         -1542.427728          1.64                0.54         
 CONF9        -60.390813          1.18          -1542.415340          1.16           -8.259111         -1542.428502          1.15                1.22         
CONF10        -60.390796          1.19          -1542.415572          1.02           -8.245119         -1542.428711          1.02                1.53         
CONF11        -60.390721          1.24          -1542.414584          1.64           -8.188269         -1542.427633          1.70                0.49         
CONF12        -60.390456          1.40          -1542.415384          1.13           -8.338735         -1542.428673          1.04                1.47         
CONF13        -60.390320          1.49          -1542.414018          1.99           -8.396098         -1542.427398          1.84                0.38         
CONF14        -60.390885          1.13          -1542.413843          2.10           -7.984412         -1542.426567          2.36                0.16         
CONF15        -60.390439          1.41          -1542.413922          2.05           -8.088655         -1542.426813          2.21                0.20         
CONF16        -60.390049          1.66          -1542.414787          1.51           -8.290175         -1542.427999          1.47                0.72         
CONF17        -60.389885          1.76          -1542.417191          0.00           -8.247855         -1542.430335          0.00                8.52         
CONF18        -60.388915          2.37          -1542.410452          4.23           -8.834511         -1542.424531          3.64                0.02         
CONF19        -60.390012          1.68          -1542.412795          2.76           -8.099015         -1542.425702          2.91                0.06         
CONF20        -60.388710          2.50          -1542.412320          3.06           -8.863467         -1542.426445          2.44                0.14         
CONF21        -60.389070          2.27          -1542.411206          3.76           -8.617661         -1542.424940          3.39                0.03         
CONF22        -60.388815          2.43          -1542.410087          4.46           -8.773726         -1542.424069          3.93                0.01         
CONF23        -60.389287          2.13          -1542.411425          3.62           -8.465492         -1542.424915          3.40                0.03         
CONF25        -60.389229          2.17          -1542.414094          1.94           -8.458970         -1542.427575          1.73                0.46         
CONF26        -60.389685          1.89          -1542.412739          2.79           -8.164443         -1542.425750          2.88                0.07         
CONF27        -60.389583          1.95          -1542.412899          2.69           -8.213251         -1542.425988          2.73                0.09         
CONF28        -60.389031          2.30          -1542.411951          3.29           -8.533668         -1542.425550          3.00                0.05         
CONF29        -60.389030          2.30          -1542.412048          3.23           -8.530341         -1542.425642          2.94                0.06         
CONF30        -60.389686          1.88          -1542.411284          3.71           -8.098138         -1542.424189          3.86                0.01         
CONF31        -60.389726          1.86          -1542.412065          3.22           -8.055692         -1542.424902          3.41                0.03         
CONF32        -60.389343          2.10          -1542.415190          1.26           -8.266161         -1542.428363          1.24                1.05         
CONF33        -60.388674          2.52          -1542.410428          4.24           -8.654304         -1542.424219          3.84                0.01         
CONF34        -60.387900          3.01          -1542.410670          4.09           -9.131934         -1542.425223          3.21                0.04         
CONF35        -60.389040          2.29          -1542.415403          1.12           -8.394304         -1542.428781          0.98                1.64         
CONF36        -60.389181          2.20          -1542.415867          0.83           -8.297807         -1542.429090          0.78                2.28         
CONF37        -60.389145          2.22          -1542.415226          1.23           -8.311378         -1542.428471          1.17                1.18         
CONF38        -60.389032          2.30          -1542.416597          0.37           -8.366030         -1542.429929          0.25                5.54         
CONF39        -60.389032          2.29          -1542.416692          0.31           -8.365173         -1542.430023          0.20                6.12         
CONF40        -60.389022          2.30          -1542.416656          0.34           -8.371104         -1542.429996          0.21                5.95         
CONF41        -60.389209          2.18          -1542.417015          0.11           -8.241261         -1542.430148          0.12                6.99         
CONF42        -60.388088          2.89          -1542.411031          3.87           -8.912572         -1542.425234          3.20                0.04         
CONF43        -60.388087          2.89          -1542.410918          3.94           -8.915545         -1542.425126          3.27                0.03         
CONF44        -60.388969          2.33          -1542.415309          1.18           -8.337736         -1542.428596          1.09                1.35         
CONF45        -60.388151          2.85          -1542.412265          3.09           -8.850997         -1542.426370          2.49                0.13         
CONF46        -60.388943          2.35          -1542.411295          3.70           -8.346320         -1542.424596          3.60                0.02         
CONF47        -60.388007          2.94          -1542.413178          2.52           -8.858811         -1542.427296          1.91                0.34         
CONF50        -60.387899          3.01          -1542.413182          2.52           -8.761207         -1542.427143          2.00                0.29         
CONF51        -60.387951          2.97          -1542.410473          4.22           -8.680633         -1542.424306          3.78                0.01         
CONF53        -60.388795          2.44          -1542.414908          1.43           -8.136211         -1542.427873          1.54                0.63         
CONF56        -60.388687          2.51          -1542.415266          1.21           -8.194362         -1542.428324          1.26                1.01         
CONF57        -60.389129          2.23          -1542.413556          2.28           -7.869269         -1542.426096          2.66                0.10         
CONF58        -60.388770          2.46          -1542.413056          2.59           -8.075019         -1542.425925          2.77                0.08         
CONF59        -60.388327          2.74          -1542.414306          1.81           -8.347315         -1542.427608          1.71                0.47         
CONF60        -60.388313          2.75          -1542.414358          1.78           -8.347129         -1542.427660          1.68                0.50         
CONF61        -60.388135          2.86          -1542.416434          0.48           -8.457483         -1542.429912          0.27                5.44         
CONF62        -60.388250          2.79          -1542.412315          3.06           -8.362056         -1542.425640          2.95                0.06         
CONF63        -60.388795          2.44          -1542.415416          1.11           -7.976872         -1542.428128          1.39                0.82         
CONF64        -60.388179          2.83          -1542.414963          1.40           -8.358423         -1542.428283          1.29                0.97         
CONF66        -60.387892          3.01          -1542.411232          3.74           -8.456156         -1542.424708          3.53                0.02         
CONF67        -60.387286          3.39          -1542.411736          3.42           -8.825384         -1542.425800          2.85                0.07         
CONF68        -60.387543          3.23          -1542.410994          3.89           -8.629553         -1542.424746          3.51                0.02         
CONF71        -60.387611          3.19          -1542.410960          3.91           -8.492468         -1542.424494          3.67                0.02         
CONF72        -60.387185          3.45          -1542.410104          4.45           -8.718653         -1542.423998          3.98                0.01         
CONF73        -60.387163          3.47          -1542.410094          4.45           -8.730185         -1542.424007          3.97                0.01         
CONF75        -60.387490          3.26          -1542.413961          2.03           -8.420816         -1542.427380          1.85                0.37         
CONF77        -60.386282          4.02          -1542.410410          4.26           -9.111883         -1542.424930          3.39                0.03         
CONF81        -60.386601          3.82          -1542.411793          3.39           -8.815960         -1542.425842          2.82                0.07         
CONF82        -60.386582          3.83          -1542.412697          2.82           -8.820127         -1542.426753          2.25                0.19         
CONF83        -60.387207          3.44          -1542.414246          1.85           -8.426910         -1542.427675          1.67                0.51         
CONF84        -60.387234          3.42          -1542.414248          1.85           -8.399270         -1542.427633          1.70                0.49         
CONF86        -60.386976          3.59          -1542.413871          2.08           -8.501349         -1542.427419          1.83                0.39         
CONF87        -60.386670          3.78          -1542.411756          3.41           -8.669455         -1542.425571          2.99                0.05         
CONF88        -60.386565          3.84          -1542.411740          3.42           -8.662249         -1542.425544          3.01                0.05         
CONF89        -60.386170          4.09          -1542.412417          3.00           -8.903545         -1542.426606          2.34                0.16         
CONF93        -60.386716          3.75          -1542.414412          1.74           -8.503999         -1542.427964          1.49                0.69         
CONF94        -60.387093          3.51          -1542.415507          1.06           -8.237884         -1542.428635          1.07                1.41         
CONF96        -60.387576          3.21          -1542.414393          1.76           -7.799410         -1542.426822          2.20                0.21         
CONF97        -60.385678          4.40          -1542.409681          4.71           -8.986605         -1542.424002          3.97                0.01         
CONF101       -60.386792          3.70          -1542.413433          2.36           -8.172046         -1542.426456          2.43                0.14         
CONF102       -60.385595          4.45          -1542.409858          4.60           -8.917341         -1542.424068          3.93                0.01         
CONF103       -60.386329          3.99          -1542.412451          2.97           -8.424940         -1542.425877          2.80                0.08         
CONF106       -60.386387          3.95          -1542.415783          0.88           -8.370576         -1542.429122          0.76                2.36         
CONF112       -60.386828          3.68          -1542.414610          1.62           -8.008228         -1542.427372          1.86                0.37         
CONF113       -60.386472          3.90          -1542.413820          2.12           -8.224420         -1542.426926          2.14                0.23         
CONF114       -60.385211          4.69          -1542.410690          4.08           -9.005358         -1542.425041          3.32                0.03         
CONF115       -60.384770          4.97          -1542.411545          3.54           -9.228837         -1542.426252          2.56                0.11         
CONF116       -60.386273          4.03          -1542.413005          2.63           -8.271422         -1542.426187          2.60                0.11         
CONF119       -60.385408          4.57          -1542.411071          3.84           -8.802375         -1542.425098          3.29                0.03         
CONF130       -60.385372          4.59          -1542.412496          2.95           -8.577359         -1542.426165          2.62                0.10         
CONF131       -60.385348          4.61          -1542.412623          2.87           -8.585395         -1542.426304          2.53                0.12         
CONF132       -60.385043          4.80          -1542.411785          3.39           -8.775829         -1542.425770          2.86                0.07         
CONF133       -60.384703          5.01          -1542.409790          4.64           -8.953850         -1542.424059          3.94                0.01         
CONF134       -60.385093          4.77          -1542.410368          4.28           -8.690998         -1542.424218          3.84                0.01         
CONF139       -60.384843          4.92          -1542.412270          3.09           -8.758240         -1542.426227          2.58                0.11         
CONF141       -60.384727          5.00          -1542.412089          3.20           -8.755615         -1542.426042          2.69                0.09         
CONF143       -60.384994          4.83          -1542.412965          2.65           -8.517643         -1542.426539          2.38                0.15         
CONF144       -60.384717          5.00          -1542.411329          3.68           -8.680603         -1542.425162          3.25                0.04         
CONF145       -60.384695          5.02          -1542.411119          3.81           -8.689570         -1542.424967          3.37                0.03         
CONF147       -60.384746          4.98          -1542.410990          3.89           -8.648518         -1542.424772          3.49                0.02         
CONF148       -60.384052          5.42          -1542.411747          3.42           -9.073193         -1542.426206          2.59                0.11         
CONF149       -60.384051          5.42          -1542.411747          3.42           -9.068482         -1542.426198          2.60                0.11         
CONF150       -60.384398          5.20          -1542.412142          3.17           -8.771962         -1542.426121          2.64                0.10         
CONF151       -60.384385          5.21          -1542.412252          3.10           -8.766299         -1542.426222          2.58                0.11         
CONF152       -60.384262          5.29          -1542.412050          3.23           -8.832238         -1542.426125          2.64                0.10         
CONF153       -60.384371          5.22          -1542.412425          2.99           -8.755229         -1542.426377          2.48                0.13         
CONF154       -60.383843          5.55          -1542.409828          4.62           -9.008300         -1542.424184          3.86                0.01         
CONF155       -60.383666          5.66          -1542.410415          4.25           -9.116196         -1542.424942          3.38                0.03         
CONF156       -60.384528          5.12          -1542.412774          2.77           -8.573361         -1542.426436          2.45                0.14         
CONF157       -60.383573          5.72          -1542.410648          4.11           -9.150193         -1542.425230          3.20                0.04         
CONF158       -60.383532          5.75          -1542.410796          4.01           -9.098241         -1542.425295          3.16                0.04         
CONF159       -60.382875          6.16          -1542.410698          4.07           -9.499714         -1542.425836          2.82                0.07         
CONF160       -60.382880          6.16          -1542.410503          4.20           -9.490538         -1542.425627          2.95                0.06         
CONF161       -60.384515          5.13          -1542.412735          2.80           -8.366770         -1542.426068          2.68                0.09         
CONF162       -60.383398          5.83          -1542.411451          3.60           -9.047953         -1542.425870          2.80                0.08         
CONF163       -60.384167          5.35          -1542.413560          2.28           -8.556809         -1542.427196          1.97                0.31         
CONF164       -60.383631          5.68          -1542.416436          0.47           -8.641003         -1542.430206          0.08                7.43         
CONF165       -60.383639          5.68          -1542.416420          0.48           -8.591205         -1542.430111          0.14                6.72         
CONF167       -60.383690          5.65          -1542.416483          0.44           -8.446227         -1542.429943          0.25                5.62         
CONF168       -60.382771          6.22          -1542.411719          3.43           -8.926498         -1542.425944          2.76                0.08         
CONF169       -60.382615          6.32          -1542.411490          3.58           -8.908938         -1542.425687          2.92                0.06         
CONF170       -60.382477          6.41          -1542.410995          3.89           -8.949740         -1542.425257          3.19                0.04         
CONF171       -60.382502          6.39          -1542.411390          3.64           -8.912109         -1542.425592          2.98                0.06         
CONF172       -60.381728          6.88          -1542.409895          4.58           -9.347779         -1542.424792          3.48                0.02         
CONF173       -60.381729          6.88          -1542.409898          4.58           -9.346851         -1542.424793          3.48                0.02         
CONF174       -60.382524          6.38          -1542.411501          3.57           -8.889784         -1542.425667          2.93                0.06         
CONF175       -60.382428          6.44          -1542.412361          3.03           -8.944532         -1542.426615          2.33                0.17         
CONF176       -60.382261          6.54          -1542.410683          4.08           -9.001619         -1542.425028          3.33                0.03         
CONF177       -60.382087          6.65          -1542.411016          3.87           -9.097774         -1542.425514          3.02                0.05         
CONF178       -60.382332          6.50          -1542.411580          3.52           -8.923186         -1542.425800          2.85                0.07         
CONF179       -60.382349          6.49          -1542.412131          3.18           -8.887147         -1542.426293          2.54                0.12         
CONF180       -60.382157          6.61          -1542.410615          4.13           -8.992221         -1542.424945          3.38                0.03         
CONF181       -60.381595          6.96          -1542.410413          4.25           -9.343548         -1542.425303          3.16                0.04         
CONF182       -60.381485          7.03          -1542.410065          4.47           -9.375004         -1542.425005          3.34                0.03         
CONF183       -60.381576          6.97          -1542.410469          4.22           -9.314115         -1542.425312          3.15                0.04         

Boltzmann averaged free energy/enthalpy of ensemble on input geometries (not DFT optimized):
temperature /K:   avE(T) /a.u.   avG(T) /a.u.
    298.15       -1540.2800731   -1540.2934216     <<==part0==
----------------------------------------------------------------------------------------------------

Number of conformers:         134
Highest ranked conformer:     CONF17


Ran prescreening in 923.30 seconds!

----------------------------------------------------------------------------------------------------
                                             SCREENING                                              
----------------------------------------------------------------------------------------------------
    
threshold:                    3.5
func:                         r2scan-3c
basis:                        def2-tzvp
prog:                         orca
sm:                           smd
gfnv:                         gfn2
run:                          True
implicit:                     False
template:                     False


Running gsolv calculation for CONF17.
Running gsolv calculation for CONF39.
Running gsolv calculation for CONF41.
Running gsolv calculation for CONF164.
Running gsolv calculation for CONF40.
Running gsolv calculation for CONF167.
Running gsolv calculation for CONF38.
Running gsolv calculation for CONF1.
Running gsolv calculation for CONF165.
Running gsolv calculation for CONF36.
Running gsolv calculation for CONF2.
Running gsolv calculation for CONF6.
Running gsolv calculation for CONF10.
Running gsolv calculation for CONF61.
Running gsolv calculation for CONF106.
Running gsolv calculation for CONF35.
Running gsolv calculation for CONF12.
Running gsolv calculation for CONF94.
Running gsolv calculation for CONF44.
Running gsolv calculation for CONF7.
Running gsolv calculation for CONF9.
Running gsolv calculation for CONF37.
Running gsolv calculation for CONF32.
Running gsolv calculation for CONF56.
Running gsolv calculation for CONF64.
Running gsolv calculation for CONF63.
Running gsolv calculation for CONF16.
Running gsolv calculation for CONF93.
Running gsolv calculation for CONF53.
Running gsolv calculation for CONF8.
Running gsolv calculation for CONF83.
Running gsolv calculation for CONF60.
Running gsolv calculation for CONF84.
Running gsolv calculation for CONF11.
Running gsolv calculation for CONF59.
Running gsolv calculation for CONF25.
Running gsolv calculation for CONF86.
Running gsolv calculation for CONF13.
Running gsolv calculation for CONF75.
Running gsolv calculation for CONF112.
Running gsolv calculation for CONF3.
Running gsolv calculation for CONF47.
Running gsolv calculation for CONF163.
Running gsolv calculation for CONF50.
Running gsolv calculation for CONF113.
Running gsolv calculation for CONF96.
Running gsolv calculation for CONF15.
Running gsolv calculation for CONF82.
Running gsolv calculation for CONF175.
Running gsolv calculation for CONF89.
Running gsolv calculation for CONF14.
Running gsolv calculation for CONF143.
Running gsolv calculation for CONF5.
Running gsolv calculation for CONF4.
Running gsolv calculation for CONF101.
Running gsolv calculation for CONF20.
Running gsolv calculation for CONF156.
Running gsolv calculation for CONF153.
Running gsolv calculation for CONF45.
Running gsolv calculation for CONF131.
Running gsolv calculation for CONF179.
Running gsolv calculation for CONF115.
Running gsolv calculation for CONF139.
Running gsolv calculation for CONF151.
Running gsolv calculation for CONF148.
Running gsolv calculation for CONF149.
Running gsolv calculation for CONF116.
Running gsolv calculation for CONF130.
Running gsolv calculation for CONF152.
Running gsolv calculation for CONF150.
Running gsolv calculation for CONF57.
Running gsolv calculation for CONF161.
Running gsolv calculation for CONF141.
Running gsolv calculation for CONF27.
Running gsolv calculation for CONF168.
Running gsolv calculation for CONF58.
Running gsolv calculation for CONF103.
Running gsolv calculation for CONF162.
Running gsolv calculation for CONF81.
Running gsolv calculation for CONF159.
Running gsolv calculation for CONF178.
Running gsolv calculation for CONF67.
Running gsolv calculation for CONF132.
Running gsolv calculation for CONF26.
Running gsolv calculation for CONF19.
Running gsolv calculation for CONF169.
Running gsolv calculation for CONF174.
Running gsolv calculation for CONF29.
Running gsolv calculation for CONF62.
Running gsolv calculation for CONF160.
Running gsolv calculation for CONF171.
Running gsolv calculation for CONF87.
Running gsolv calculation for CONF28.
Running gsolv calculation for CONF88.
Running gsolv calculation for CONF177.
Running gsolv calculation for CONF183.
Running gsolv calculation for CONF181.
Running gsolv calculation for CONF158.
Running gsolv calculation for CONF170.
Running gsolv calculation for CONF42.
Running gsolv calculation for CONF157.
Running gsolv calculation for CONF34.
Running gsolv calculation for CONF144.
Running gsolv calculation for CONF43.
Running gsolv calculation for CONF119.
Running gsolv calculation for CONF114.
Running gsolv calculation for CONF176.
Running gsolv calculation for CONF182.
Running gsolv calculation for CONF145.
Running gsolv calculation for CONF180.
Running gsolv calculation for CONF155.
Running gsolv calculation for CONF21.
Running gsolv calculation for CONF77.
Running gsolv calculation for CONF23.
Running gsolv calculation for CONF31.
Running gsolv calculation for CONF173.
Running gsolv calculation for CONF172.
Running gsolv calculation for CONF147.
Running gsolv calculation for CONF68.
Running gsolv calculation for CONF66.
Running gsolv calculation for CONF46.
Running gsolv calculation for CONF18.
Running gsolv calculation for CONF71.
Running gsolv calculation for CONF51.
Running gsolv calculation for CONF33.
Running gsolv calculation for CONF134.
Running gsolv calculation for CONF30.
Running gsolv calculation for CONF154.
Running gsolv calculation for CONF22.
Running gsolv calculation for CONF102.
Running gsolv calculation for CONF133.
Running gsolv calculation for CONF73.
Running gsolv calculation for CONF97.
Running gsolv calculation for CONF72.
